// Jest Snapshot v1, https://goo.gl/fbAQLP

exports[`renders correctly 1`] = `
<button
  style={
    {
      "background": "yellow",
      "borderColor": "green",
      "color": "black",
    }
  }
>
  Test Button
</button>
`;
